{
    "schema_version":  1,
    "receipt_type":  "c8_scenario_coverage",
    "generated_utc":  "2026-07-31T13:15:05.3062343+00:00",
    "run_id":  "native-20260731-c8-full26",
    "scenario_sha256":  "736655f35d5963da4555bd7d5c56fd3969f4ec884fa3775f363f254731252781",
    "action_count":  49,
    "checks":  {
                   "profile_is_c8":  true,
                   "run_id_matches":  true,
                   "steam_free_cold_join_declared":  true,
                   "co_presence_declared":  true,
                   "direct_control_both":  true,
                   "routed_request_both":  true,
                   "routed_broadcast_both":  true,
                   "target_zdo_both":  true,
                   "zdo_journal_both":  true,
                   "motion_both_directions":  true,
                   "udp_drop_range":  true,
                   "pickup_both_clients":  true,
                   "two_peer_ownership_contention":  true,
                   "zone_exit_enter":  true,
                   "gateway_restart_declared":  true,
                   "websocket_resume_declared":  true,
                   "clean_disconnect_rejoin":  true,
                   "client_server_poison_declared":  true,
                   "save_integrity_declared":  true,
                   "action_ids_unique_per_client":  true
               },
    "result":  "passed",
    "failed_checks":  [

                      ]
}
[PASS] tailnet peer online - 100.125.141.110 i5-laptop derek.ciula@ windows active; direct 192.168.12.224:41641, tx 177193520 rx 155313368
[PASS] ssh port 22 reachable - i5-laptop.tail8e749c.ts.net
[PASS] ssh key auth via alias 'i5' - remote user: desktop-t685kei\admin
[INFO] staging root C:\deploy\baseline present: True (auto-created on first deploy)
[INFO] Valheim BepInEx plugins dir present: True
[INFO] free disk on C:: 96.9 GB
[INFO] Docker Desktop Linux engine ready: 29.6.2
i5 lane: UP
deploy -> i5:C:/deploy/baseline/fieldlab/scripts   [1 file(s)]
  C:/deploy/baseline/fieldlab/scripts/Invoke-NativeValheimClient.ps1
  OK    C:/deploy/baseline/fieldlab/scripts/Invoke-NativeValheimClient.ps1  sha256:c3027f51f7da
deploy verified: 1/1 file(s) match on the i5
deploy -> i5:C:/Program Files (x86)/Steam/steamapps/common/Valheim/BepInEx/plugins   [1 file(s)]
  C:/Program Files (x86)/Steam/steamapps/common/Valheim/BepInEx/plugins/ComfyNetworkSense.dll
  OK    C:/Program Files (x86)/Steam/steamapps/common/Valheim/BepInEx/plugins/ComfyNetworkSense.dll  sha256:e6634af7912a
deploy verified: 1/1 file(s) match on the i5
deploy -> i5:C:/deploy/baseline/fieldlab/scenarios   [1 file(s)]
  C:/deploy/baseline/fieldlab/scenarios/scenario.json
  OK    C:/deploy/baseline/fieldlab/scenarios/scenario.json  sha256:736655f35d59
deploy verified: 1/1 file(s) match on the i5
#1 [internal] load local bake definitions
#1 reading from stdin 566B done
#1 DONE 0.0s

#2 [internal] load build definition from Dockerfile
#2 transferring dockerfile: 5.92kB done
#2 DONE 0.0s

#3 [internal] load metadata for mcr.microsoft.com/dotnet/sdk:9.0
#3 DONE 0.1s

#4 [internal] load metadata for mcr.microsoft.com/dotnet/aspnet:9.0
#4 DONE 0.9s

#5 [internal] load .dockerignore
#5 transferring context: 454B done
#5 DONE 0.0s

#6 [internal] load build context
#6 DONE 0.0s

#7 [gateway 1/3] FROM mcr.microsoft.com/dotnet/aspnet:9.0@sha256:86085bc68dde4a8cdfd8c2342acc3bf843eade855092879a85e3f3adb56e55c7
#7 resolve mcr.microsoft.com/dotnet/aspnet:9.0@sha256:86085bc68dde4a8cdfd8c2342acc3bf843eade855092879a85e3f3adb56e55c7 0.1s done
#7 DONE 0.1s

#8 [source  1/18] FROM mcr.microsoft.com/dotnet/sdk:9.0@sha256:24fe7c00719afc72e2b67cace264dea2ee39ae45f5b553bd59493fe3ddfc920f
#8 resolve mcr.microsoft.com/dotnet/sdk:9.0@sha256:24fe7c00719afc72e2b67cace264dea2ee39ae45f5b553bd59493fe3ddfc920f
#8 resolve mcr.microsoft.com/dotnet/sdk:9.0@sha256:24fe7c00719afc72e2b67cace264dea2ee39ae45f5b553bd59493fe3ddfc920f 0.1s done
#8 DONE 0.1s

#6 [internal] load build context
#6 transferring context: 628.22kB 0.1s done
#6 DONE 0.1s

#9 [source  6/18] COPY src/Game.ServiceDefaults/Game.ServiceDefaults.csproj src/Game.ServiceDefaults/
#9 CACHED

#10 [source 11/18] COPY src/Game.OperatorApi/Game.OperatorApi.csproj src/Game.OperatorApi/
#10 CACHED

#11 [source 14/18] COPY tests/Game.Simulation.Tests/Game.Simulation.Tests.csproj tests/Game.Simulation.Tests/
#11 CACHED

#12 [source  9/18] COPY src/Game.EventLog/Game.EventLog.csproj src/Game.EventLog/
#12 CACHED

#13 [source 10/18] COPY src/Game.Progression/Game.Progression.csproj src/Game.Progression/
#13 CACHED

#14 [source 12/18] COPY src/Game.Companion/Game.Companion.csproj src/Game.Companion/
#14 CACHED

#15 [source  3/18] COPY Game.sln Directory.Build.props Directory.Packages.props ./
#15 CACHED

#16 [source 13/18] COPY tests/Game.Contracts.Tests/Game.Contracts.Tests.csproj tests/Game.Contracts.Tests/
#16 CACHED

#17 [source 15/18] COPY tests/Game.Gateway.Tests/Game.Gateway.Tests.csproj tests/Game.Gateway.Tests/
#17 CACHED

#18 [source  2/18] WORKDIR /src
#18 CACHED

#19 [source  4/18] COPY src/Game.Contracts/Game.Contracts.csproj src/Game.Contracts/
#19 CACHED

#20 [source  8/18] COPY src/Game.Simulation/Game.Simulation.csproj src/Game.Simulation/
#20 CACHED

#21 [source  5/18] COPY src/Game.Persistence/Game.Persistence.csproj src/Game.Persistence/
#21 CACHED

#22 [source  7/18] COPY src/Game.Gateway/Game.Gateway.csproj src/Game.Gateway/
#22 CACHED

#23 [source 16/18] RUN dotnet restore Game.sln
#23 CACHED

#24 [source 17/18] COPY src/ src/
#24 DONE 0.2s

#25 [source 18/18] COPY tests/ tests/
#25 DONE 0.2s

#26 [verify 1/2] RUN dotnet build Game.sln -c Release --no-restore
#26 2.259   Game.Contracts -> /src/src/Game.Contracts/bin/Release/net8.0/Game.Contracts.dll
#26 2.262   Game.Contracts -> /src/src/Game.Contracts/bin/Release/net9.0/Game.Contracts.dll
#26 2.458   Game.Companion -> /src/src/Game.Companion/bin/Release/net9.0/Lumberjacks.Companion.dll
#26 2.607   Game.ServiceDefaults -> /src/src/Game.ServiceDefaults/bin/Release/net9.0/Game.ServiceDefaults.dll
#26 2.661   Game.Persistence -> /src/src/Game.Persistence/bin/Release/net9.0/Game.Persistence.dll
#26 2.671   Game.Contracts.Tests -> /src/tests/Game.Contracts.Tests/bin/Release/net9.0/Game.Contracts.Tests.dll
#26 3.310   Game.EventLog -> /src/src/Game.EventLog/bin/Release/net9.0/Game.EventLog.dll
#26 3.340   Game.Progression -> /src/src/Game.Progression/bin/Release/net9.0/Game.Progression.dll
#26 3.390   Game.OperatorApi -> /src/src/Game.OperatorApi/bin/Release/net9.0/Game.OperatorApi.dll
#26 3.416   Game.Simulation -> /src/src/Game.Simulation/bin/Release/net9.0/Game.Simulation.dll
#26 3.971   Game.Simulation.Tests -> /src/tests/Game.Simulation.Tests/bin/Release/net9.0/Game.Simulation.Tests.dll
#26 4.519   Game.Gateway -> /src/src/Game.Gateway/bin/Release/net9.0/Game.Gateway.dll
#26 4.589 /usr/share/dotnet/sdk/9.0.315/Microsoft.Common.CurrentVersion.targets(2433,5): warning MSB3277: Found conflicts between different versions of "Microsoft.EntityFrameworkCore" that could not be resolved. [/src/tests/Game.Gateway.Tests/Game.Gateway.Tests.csproj]
#26 4.589 /usr/share/dotnet/sdk/9.0.315/Microsoft.Common.CurrentVersion.targets(2433,5): warning MSB3277: There was a conflict between "Microsoft.EntityFrameworkCore, Version=9.0.1.0, Culture=neutral, PublicKeyToken=adb9793829ddae60" and "Microsoft.EntityFrameworkCore, Version=9.0.4.0, Culture=neutral, PublicKeyToken=adb9793829ddae60". [/src/tests/Game.Gateway.Tests/Game.Gateway.Tests.csproj]
#26 4.589 /usr/share/dotnet/sdk/9.0.315/Microsoft.Common.CurrentVersion.targets(2433,5): warning MSB3277:     "Microsoft.EntityFrameworkCore, Version=9.0.1.0, Culture=neutral, PublicKeyToken=adb9793829ddae60" was chosen because it was primary and "Microsoft.EntityFrameworkCore, Version=9.0.4.0, Culture=neutral, PublicKeyToken=adb9793829ddae60" was not. [/src/tests/Game.Gateway.Tests/Game.Gateway.Tests.csproj]
#26 4.589 /usr/share/dotnet/sdk/9.0.315/Microsoft.Common.CurrentVersion.targets(2433,5): warning MSB3277:     References which depend on "Microsoft.EntityFrameworkCore, Version=9.0.1.0, Culture=neutral, PublicKeyToken=adb9793829ddae60" [/root/.nuget/packages/microsoft.entityframeworkcore/9.0.1/lib/net8.0/Microsoft.EntityFrameworkCore.dll]. [/src/tests/Game.Gateway.Tests/Game.Gateway.Tests.csproj]
#26 4.589 /usr/share/dotnet/sdk/9.0.315/Microsoft.Common.CurrentVersion.targets(2433,5): warning MSB3277:         /root/.nuget/packages/microsoft.entityframeworkcore/9.0.1/lib/net8.0/Microsoft.EntityFrameworkCore.dll [/src/tests/Game.Gateway.Tests/Game.Gateway.Tests.csproj]
#26 4.589 /usr/share/dotnet/sdk/9.0.315/Microsoft.Common.CurrentVersion.targets(2433,5): warning MSB3277:           Project file item includes which caused reference "/root/.nuget/packages/microsoft.entityframeworkcore/9.0.1/lib/net8.0/Microsoft.EntityFrameworkCore.dll". [/src/tests/Game.Gateway.Tests/Game.Gateway.Tests.csproj]
#26 4.589 /usr/share/dotnet/sdk/9.0.315/Microsoft.Common.CurrentVersion.targets(2433,5): warning MSB3277:             /root/.nuget/packages/microsoft.entityframeworkcore/9.0.1/lib/net8.0/Microsoft.EntityFrameworkCore.dll [/src/tests/Game.Gateway.Tests/Game.Gateway.Tests.csproj]
#26 4.589 /usr/share/dotnet/sdk/9.0.315/Microsoft.Common.CurrentVersion.targets(2433,5): warning MSB3277:     References which depend on or have been unified to "Microsoft.EntityFrameworkCore, Version=9.0.4.0, Culture=neutral, PublicKeyToken=adb9793829ddae60" []. [/src/tests/Game.Gateway.Tests/Game.Gateway.Tests.csproj]
#26 4.589 /usr/share/dotnet/sdk/9.0.315/Microsoft.Common.CurrentVersion.targets(2433,5): warning MSB3277:         /src/src/Game.Gateway/bin/Release/net9.0/Game.Gateway.dll [/src/tests/Game.Gateway.Tests/Game.Gateway.Tests.csproj]
#26 4.589 /usr/share/dotnet/sdk/9.0.315/Microsoft.Common.CurrentVersion.targets(2433,5): warning MSB3277:           Project file item includes which caused reference "/src/src/Game.Gateway/bin/Release/net9.0/Game.Gateway.dll". [/src/tests/Game.Gateway.Tests/Game.Gateway.Tests.csproj]
#26 4.589 /usr/share/dotnet/sdk/9.0.315/Microsoft.Common.CurrentVersion.targets(2433,5): warning MSB3277:             /src/src/Game.Gateway/bin/Release/net9.0/Game.Gateway.dll [/src/tests/Game.Gateway.Tests/Game.Gateway.Tests.csproj]
#26 4.589 /usr/share/dotnet/sdk/9.0.315/Microsoft.Common.CurrentVersion.targets(2433,5): warning MSB3277:         /src/src/Game.Persistence/bin/Release/net9.0/Game.Persistence.dll [/src/tests/Game.Gateway.Tests/Game.Gateway.Tests.csproj]
#26 4.589 /usr/share/dotnet/sdk/9.0.315/Microsoft.Common.CurrentVersion.targets(2433,5): warning MSB3277:           Project file item includes which caused reference "/src/src/Game.Persistence/bin/Release/net9.0/Game.Persistence.dll". [/src/tests/Game.Gateway.Tests/Game.Gateway.Tests.csproj]
#26 4.589 /usr/share/dotnet/sdk/9.0.315/Microsoft.Common.CurrentVersion.targets(2433,5): warning MSB3277:             /src/src/Game.Persistence/bin/Release/net9.0/Game.Persistence.dll [/src/tests/Game.Gateway.Tests/Game.Gateway.Tests.csproj]
#26 4.589 /usr/share/dotnet/sdk/9.0.315/Microsoft.Common.CurrentVersion.targets(2433,5): warning MSB3277:             /src/src/Game.Gateway/bin/Release/net9.0/Game.Gateway.dll [/src/tests/Game.Gateway.Tests/Game.Gateway.Tests.csproj]
#26 4.589 /usr/share/dotnet/sdk/9.0.315/Microsoft.Common.CurrentVersion.targets(2433,5): warning MSB3277:             /src/src/Game.Simulation/bin/Release/net9.0/Game.Simulation.dll [/src/tests/Game.Gateway.Tests/Game.Gateway.Tests.csproj]
#26 4.589 /usr/share/dotnet/sdk/9.0.315/Microsoft.Common.CurrentVersion.targets(2433,5): warning MSB3277:         /src/src/Game.Simulation/bin/Release/net9.0/Game.Simulation.dll [/src/tests/Game.Gateway.Tests/Game.Gateway.Tests.csproj]
#26 4.589 /usr/share/dotnet/sdk/9.0.315/Microsoft.Common.CurrentVersion.targets(2433,5): warning MSB3277:           Project file item includes which caused reference "/src/src/Game.Simulation/bin/Release/net9.0/Game.Simulation.dll". [/src/tests/Game.Gateway.Tests/Game.Gateway.Tests.csproj]
#26 4.589 /usr/share/dotnet/sdk/9.0.315/Microsoft.Common.CurrentVersion.targets(2433,5): warning MSB3277:             /src/src/Game.Simulation/bin/Release/net9.0/Game.Simulation.dll [/src/tests/Game.Gateway.Tests/Game.Gateway.Tests.csproj]
#26 4.589 /usr/share/dotnet/sdk/9.0.315/Microsoft.Common.CurrentVersion.targets(2433,5): warning MSB3277:             /src/src/Game.Gateway/bin/Release/net9.0/Game.Gateway.dll [/src/tests/Game.Gateway.Tests/Game.Gateway.Tests.csproj]
#26 4.939 /src/tests/Game.Gateway.Tests/ValheimZdoAuthoritativeTelemetryTests.cs(96,9): warning CS8631: The type 'string?' cannot be used as type parameter 'T' in the generic type or method 'Assert.Equal<T>(ReadOnlySpan<T>, T[])'. Nullability of type argument 'string?' doesn't match constraint type 'System.IEquatable<string?>'. [/src/tests/Game.Gateway.Tests/Game.Gateway.Tests.csproj]
#26 5.018   Game.Gateway.Tests -> /src/tests/Game.Gateway.Tests/bin/Release/net9.0/Game.Gateway.Tests.dll
#26 5.049 
#26 5.050 Build succeeded.
#26 5.050 
#26 5.050 /usr/share/dotnet/sdk/9.0.315/Microsoft.Common.CurrentVersion.targets(2433,5): warning MSB3277: Found conflicts between different versions of "Microsoft.EntityFrameworkCore" that could not be resolved. [/src/tests/Game.Gateway.Tests/Game.Gateway.Tests.csproj]
#26 5.050 /usr/share/dotnet/sdk/9.0.315/Microsoft.Common.CurrentVersion.targets(2433,5): warning MSB3277: There was a conflict between "Microsoft.EntityFrameworkCore, Version=9.0.1.0, Culture=neutral, PublicKeyToken=adb9793829ddae60" and "Microsoft.EntityFrameworkCore, Version=9.0.4.0, Culture=neutral, PublicKeyToken=adb9793829ddae60". [/src/tests/Game.Gateway.Tests/Game.Gateway.Tests.csproj]
#26 5.050 /usr/share/dotnet/sdk/9.0.315/Microsoft.Common.CurrentVersion.targets(2433,5): warning MSB3277:     "Microsoft.EntityFrameworkCore, Version=9.0.1.0, Culture=neutral, PublicKeyToken=adb9793829ddae60" was chosen because it was primary and "Microsoft.EntityFrameworkCore, Version=9.0.4.0, Culture=neutral, PublicKeyToken=adb9793829ddae60" was not. [/src/tests/Game.Gateway.Tests/Game.Gateway.Tests.csproj]
#26 5.050 /usr/share/dotnet/sdk/9.0.315/Microsoft.Common.CurrentVersion.targets(2433,5): warning MSB3277:     References which depend on "Microsoft.EntityFrameworkCore, Version=9.0.1.0, Culture=neutral, PublicKeyToken=adb9793829ddae60" [/root/.nuget/packages/microsoft.entityframeworkcore/9.0.1/lib/net8.0/Microsoft.EntityFrameworkCore.dll]. [/src/tests/Game.Gateway.Tests/Game.Gateway.Tests.csproj]
#26 5.050 /usr/share/dotnet/sdk/9.0.315/Microsoft.Common.CurrentVersion.targets(2433,5): warning MSB3277:         /root/.nuget/packages/microsoft.entityframeworkcore/9.0.1/lib/net8.0/Microsoft.EntityFrameworkCore.dll [/src/tests/Game.Gateway.Tests/Game.Gateway.Tests.csproj]
#26 5.050 /usr/share/dotnet/sdk/9.0.315/Microsoft.Common.CurrentVersion.targets(2433,5): warning MSB3277:           Project file item includes which caused reference "/root/.nuget/packages/microsoft.entityframeworkcore/9.0.1/lib/net8.0/Microsoft.EntityFrameworkCore.dll". [/src/tests/Game.Gateway.Tests/Game.Gateway.Tests.csproj]
#26 5.050 /usr/share/dotnet/sdk/9.0.315/Microsoft.Common.CurrentVersion.targets(2433,5): warning MSB3277:             /root/.nuget/packages/microsoft.entityframeworkcore/9.0.1/lib/net8.0/Microsoft.EntityFrameworkCore.dll [/src/tests/Game.Gateway.Tests/Game.Gateway.Tests.csproj]
#26 5.050 /usr/share/dotnet/sdk/9.0.315/Microsoft.Common.CurrentVersion.targets(2433,5): warning MSB3277:     References which depend on or have been unified to "Microsoft.EntityFrameworkCore, Version=9.0.4.0, Culture=neutral, PublicKeyToken=adb9793829ddae60" []. [/src/tests/Game.Gateway.Tests/Game.Gateway.Tests.csproj]
#26 5.050 /usr/share/dotnet/sdk/9.0.315/Microsoft.Common.CurrentVersion.targets(2433,5): warning MSB3277:         /src/src/Game.Gateway/bin/Release/net9.0/Game.Gateway.dll [/src/tests/Game.Gateway.Tests/Game.Gateway.Tests.csproj]
#26 5.050 /usr/share/dotnet/sdk/9.0.315/Microsoft.Common.CurrentVersion.targets(2433,5): warning MSB3277:           Project file item includes which caused reference "/src/src/Game.Gateway/bin/Release/net9.0/Game.Gateway.dll". [/src/tests/Game.Gateway.Tests/Game.Gateway.Tests.csproj]
#26 5.050 /usr/share/dotnet/sdk/9.0.315/Microsoft.Common.CurrentVersion.targets(2433,5): warning MSB3277:             /src/src/Game.Gateway/bin/Release/net9.0/Game.Gateway.dll [/src/tests/Game.Gateway.Tests/Game.Gateway.Tests.csproj]
#26 5.050 /usr/share/dotnet/sdk/9.0.315/Microsoft.Common.CurrentVersion.targets(2433,5): warning MSB3277:         /src/src/Game.Persistence/bin/Release/net9.0/Game.Persistence.dll [/src/tests/Game.Gateway.Tests/Game.Gateway.Tests.csproj]
#26 5.050 /usr/share/dotnet/sdk/9.0.315/Microsoft.Common.CurrentVersion.targets(2433,5): warning MSB3277:           Project file item includes which caused reference "/src/src/Game.Persistence/bin/Release/net9.0/Game.Persistence.dll". [/src/tests/Game.Gateway.Tests/Game.Gateway.Tests.csproj]
#26 5.050 /usr/share/dotnet/sdk/9.0.315/Microsoft.Common.CurrentVersion.targets(2433,5): warning MSB3277:             /src/src/Game.Persistence/bin/Release/net9.0/Game.Persistence.dll [/src/tests/Game.Gateway.Tests/Game.Gateway.Tests.csproj]
#26 5.050 /usr/share/dotnet/sdk/9.0.315/Microsoft.Common.CurrentVersion.targets(2433,5): warning MSB3277:             /src/src/Game.Gateway/bin/Release/net9.0/Game.Gateway.dll [/src/tests/Game.Gateway.Tests/Game.Gateway.Tests.csproj]
#26 5.050 /usr/share/dotnet/sdk/9.0.315/Microsoft.Common.CurrentVersion.targets(2433,5): warning MSB3277:             /src/src/Game.Simulation/bin/Release/net9.0/Game.Simulation.dll [/src/tests/Game.Gateway.Tests/Game.Gateway.Tests.csproj]
#26 5.050 /usr/share/dotnet/sdk/9.0.315/Microsoft.Common.CurrentVersion.targets(2433,5): warning MSB3277:         /src/src/Game.Simulation/bin/Release/net9.0/Game.Simulation.dll [/src/tests/Game.Gateway.Tests/Game.Gateway.Tests.csproj]
#26 5.050 /usr/share/dotnet/sdk/9.0.315/Microsoft.Common.CurrentVersion.targets(2433,5): warning MSB3277:           Project file item includes which caused reference "/src/src/Game.Simulation/bin/Release/net9.0/Game.Simulation.dll". [/src/tests/Game.Gateway.Tests/Game.Gateway.Tests.csproj]
#26 5.050 /usr/share/dotnet/sdk/9.0.315/Microsoft.Common.CurrentVersion.targets(2433,5): warning MSB3277:             /src/src/Game.Simulation/bin/Release/net9.0/Game.Simulation.dll [/src/tests/Game.Gateway.Tests/Game.Gateway.Tests.csproj]
#26 5.050 /usr/share/dotnet/sdk/9.0.315/Microsoft.Common.CurrentVersion.targets(2433,5): warning MSB3277:             /src/src/Game.Gateway/bin/Release/net9.0/Game.Gateway.dll [/src/tests/Game.Gateway.Tests/Game.Gateway.Tests.csproj]
#26 5.050 /src/tests/Game.Gateway.Tests/ValheimZdoAuthoritativeTelemetryTests.cs(96,9): warning CS8631: The type 'string?' cannot be used as type parameter 'T' in the generic type or method 'Assert.Equal<T>(ReadOnlySpan<T>, T[])'. Nullability of type argument 'string?' doesn't match constraint type 'System.IEquatable<string?>'. [/src/tests/Game.Gateway.Tests/Game.Gateway.Tests.csproj]
#26 5.050     2 Warning(s)
#26 5.050     0 Error(s)
#26 5.050 
#26 5.050 Time Elapsed 00:00:04.61
#26 DONE 5.2s

#27 [verify 2/2] RUN dotnet test Game.sln -c Release --no-build --no-restore --logger "console;verbosity=minimal"
#27 1.001 Test run for /src/tests/Game.Contracts.Tests/bin/Release/net9.0/Game.Contracts.Tests.dll (.NETCoreApp,Version=v9.0)
#27 1.001 Test run for /src/tests/Game.Simulation.Tests/bin/Release/net9.0/Game.Simulation.Tests.dll (.NETCoreApp,Version=v9.0)
#27 1.010 Test run for /src/tests/Game.Gateway.Tests/bin/Release/net9.0/Game.Gateway.Tests.dll (.NETCoreApp,Version=v9.0)
#27 1.034 VSTest version 17.14.1 (x64)
#27 1.036 
#27 1.040 VSTest version 17.14.1 (x64)
#27 1.043 
#27 1.051 VSTest version 17.14.1 (x64)
#27 1.053 
#27 1.084 Starting test execution, please wait...
#27 1.085 Starting test execution, please wait...
#27 1.098 Starting test execution, please wait...
#27 1.098 A total of 1 test files matched the specified pattern.
#27 1.098 A total of 1 test files matched the specified pattern.
#27 1.112 A total of 1 test files matched the specified pattern.
#27 1.533 
#27 1.535 Passed!  - Failed:     0, Passed:   126, Skipped:     0, Total:   126, Duration: 45 ms - Game.Contracts.Tests.dll (net9.0)
#27 1.627 
#27 1.629 Passed!  - Failed:     0, Passed:   250, Skipped:     0, Total:   250, Duration: 84 ms - Game.Simulation.Tests.dll (net9.0)
#27 1.727 
#27 1.729 Passed!  - Failed:     0, Passed:   213, Skipped:     0, Total:   213, Duration: 231 ms - Game.Gateway.Tests.dll (net9.0)
#27 DONE 1.8s

#28 [build 1/7] RUN dotnet publish src/Game.Simulation -c Release -o /app/simulation --no-restore
#28 1.115   Game.Contracts -> /src/src/Game.Contracts/bin/Release/net9.0/Game.Contracts.dll
#28 1.292   Game.Persistence -> /src/src/Game.Persistence/bin/Release/net9.0/Game.Persistence.dll
#28 1.329   Game.ServiceDefaults -> /src/src/Game.ServiceDefaults/bin/Release/net9.0/Game.ServiceDefaults.dll
#28 1.488   Game.Simulation -> /src/src/Game.Simulation/bin/Release/net9.0/Game.Simulation.dll
#28 1.518   Game.Simulation -> /app/simulation/
#28 DONE 1.6s

#29 [build 2/7] RUN dotnet publish src/Game.EventLog -c Release -o /app/eventlog --no-restore
#29 1.125   Game.Contracts -> /src/src/Game.Contracts/bin/Release/net9.0/Game.Contracts.dll
#29 1.310   Game.Persistence -> /src/src/Game.Persistence/bin/Release/net9.0/Game.Persistence.dll
#29 1.349   Game.ServiceDefaults -> /src/src/Game.ServiceDefaults/bin/Release/net9.0/Game.ServiceDefaults.dll
#29 1.519   Game.EventLog -> /src/src/Game.EventLog/bin/Release/net9.0/Game.EventLog.dll
#29 1.549   Game.EventLog -> /app/eventlog/
#29 DONE 1.7s

#30 [build 3/7] RUN dotnet publish src/Game.Progression -c Release -o /app/progression --no-restore
#30 1.109   Game.Contracts -> /src/src/Game.Contracts/bin/Release/net9.0/Game.Contracts.dll
#30 1.291   Game.Persistence -> /src/src/Game.Persistence/bin/Release/net9.0/Game.Persistence.dll
#30 1.329   Game.ServiceDefaults -> /src/src/Game.ServiceDefaults/bin/Release/net9.0/Game.ServiceDefaults.dll
#30 1.500   Game.Progression -> /src/src/Game.Progression/bin/Release/net9.0/Game.Progression.dll
#30 1.531   Game.Progression -> /app/progression/
#30 DONE 1.6s

#31 [build 4/7] RUN dotnet publish src/Game.OperatorApi -c Release -o /app/operatorapi --no-restore
#31 1.100   Game.Contracts -> /src/src/Game.Contracts/bin/Release/net9.0/Game.Contracts.dll
#31 1.284   Game.Persistence -> /src/src/Game.Persistence/bin/Release/net9.0/Game.Persistence.dll
#31 1.327   Game.ServiceDefaults -> /src/src/Game.ServiceDefaults/bin/Release/net9.0/Game.ServiceDefaults.dll
#31 1.523   Game.OperatorApi -> /src/src/Game.OperatorApi/bin/Release/net9.0/Game.OperatorApi.dll
#31 1.556   Game.OperatorApi -> /app/operatorapi/
#31 DONE 1.7s

#32 [build 5/7] RUN dotnet publish src/Game.Companion -c Release -o /app/companion --no-restore
#32 0.861   Game.Companion -> /src/src/Game.Companion/bin/Release/net9.0/Lumberjacks.Companion.dll
#32 0.897   Game.Companion -> /app/companion/
#32 DONE 1.0s

#33 [build 6/7] RUN set -eu;     if [ "0" = "1" ]; then       case "dev" in         ''|dev)           echo "ERROR: a promotable Gateway build requires a real LUMBERJACKS_EXPECTED_MOD_RELEASE;" >&2;           echo "       got 'dev'." >&2;           exit 1 ;;       esac;       if ! echo "dev"            | grep -Eq '^m[0-9]+-[a-z0-9]+-[0-9]{8}-r[0-9]+$'; then         echo "ERROR: 'dev' is not <milestone>-<label>-<yyyymmdd>-r<n>." >&2;         exit 1;       fi;       echo "promotable Gateway build; admitted mod release: dev";     fi
#33 DONE 0.4s

#34 [build 7/7] RUN dotnet publish src/Game.Gateway -c Release -o /app/gateway --no-restore       -p:LumberjacksExpectedModRelease="dev"
#34 1.186   Game.Contracts -> /src/src/Game.Contracts/bin/Release/net9.0/Game.Contracts.dll
#34 1.363   Game.Persistence -> /src/src/Game.Persistence/bin/Release/net9.0/Game.Persistence.dll
#34 1.402   Game.ServiceDefaults -> /src/src/Game.ServiceDefaults/bin/Release/net9.0/Game.ServiceDefaults.dll
#34 1.610   Game.Simulation -> /src/src/Game.Simulation/bin/Release/net9.0/Game.Simulation.dll
#34 1.835   Game.Gateway -> /src/src/Game.Gateway/bin/Release/net9.0/Game.Gateway.dll
#34 1.999   Game.Gateway -> /app/gateway/
#34 DONE 2.1s

#35 [gateway 2/3] WORKDIR /app
#35 CACHED

#36 [gateway 3/3] COPY --from=build /app/gateway .
#36 DONE 0.1s

#37 exporting to image
#37 exporting layers
#37 exporting layers 0.4s done
#37 exporting manifest sha256:afad88967e1c8398372d80d4c1c70303c753986d8b9b6dd6ecc32c546c961050 0.0s done
#37 exporting config sha256:aa25281cd3ee3edff11e74dc4e6929028ca6cbd0d47c85b57ce84b9b6fccfab6 0.0s done
#37 exporting attestation manifest sha256:64132f52c9be0d00f5c50e86d68bdac163a3ac46100297ac0a898240f29d2ca8
#37 exporting attestation manifest sha256:64132f52c9be0d00f5c50e86d68bdac163a3ac46100297ac0a898240f29d2ca8 0.1s done
#37 exporting manifest list sha256:06c297d360587372b9f779dcf27cf69f765120ce64170cf494b1a3b9b3388210 0.0s done
#37 naming to docker.io/library/lumberjacks-local-gateway:latest
#37 naming to docker.io/library/lumberjacks-local-gateway:latest done
#37 unpacking to docker.io/library/lumberjacks-local-gateway:latest 0.1s done
#37 DONE 0.8s

#38 resolving provenance for metadata file
#38 DONE 0.0s
{
    "schema_version":  1,
    "receipt_type":  "native_valheim_task_queue",
    "generated_utc":  "2026-07-31T13:16:04.0727425+00:00",
    "task_name":  "BaselineNativeValheimClient",
    "task_state":  "Running",
    "run_id":  "native-20260731-c8-full26",
    "client":  "i5",
    "server":  "100.116.82.60:2456",
    "character":  "durracktu",
    "evidence_directory":  "C:\\deploy\\baseline\\fieldlab\\runs\\native-valheim\\native-20260731-c8-full26\\i5",
    "pending_request":  "C:\\deploy\\baseline\\fieldlab\\scripts\\pending-native-valheim.json"
}
