 Image lumberjacks-local-gateway Building 
 Image lumberjacks-local-gateway Built 
 Container lumberjacks-local-gateway-1 Recreate 
 Container lumberjacks-local-gateway-1 Recreated 
 Container lumberjacks-local-gateway-1 Starting 
 Container lumberjacks-local-gateway-1 Started 
** WARNING: connection is not using a post-quantum key exchange algorithm.
** This session may be vulnerable to "store now, decrypt later" attacks.
** The server may need to be upgraded. See https://openssh.com/pq.html
C:\deploy\baseline\fieldlab\scripts\Invoke-NativeValheimClient.ps1 : Cannot validate argument on parameter 
'WaitSeconds'. The 1800 argument is greater than the maximum allowed range of 1200. Supply an argument that is less 
than or equal to 1200 and then try the command again.
    + CategoryInfo          : InvalidData: (:) [Invoke-NativeValheimClient.ps1], ParentContainsErrorRecordException
    + FullyQualifiedErrorId : ParameterArgumentValidationError,Invoke-NativeValheimClient.ps1
 
** WARNING: connection is not using a post-quantum key exchange algorithm.
** This session may be vulnerable to "store now, decrypt later" attacks.
** The server may need to be upgraded. See https://openssh.com/pq.html
i5 native-client command failed with exit 1.
At C:\work\baseline\fieldlab\scripts\Invoke-NativeValheimCutoverScenario.ps1:308 char:9
+         throw "i5 native-client command failed with exit $LASTEXITCOD ...
+         ~~~~~~~~~~~~~~~~~~~~~~~~~~~~~~~~~~~~~~~~~~~~~~~~~~~~~~~~~~~~~
    + CategoryInfo          : OperationStopped: (i5 native-clien...ed with exit 1.:String) [], RuntimeException
    + FullyQualifiedErrorId : i5 native-client command failed with exit 1.
 
