{
    "schema_version":  1,
    "receipt_type":  "c8_scenario_coverage",
    "generated_utc":  "2026-07-31T15:04:32.7183700+00:00",
    "run_id":  "native-20260731-c8-full31",
    "scenario_sha256":  "910ae3c8ab5bdfa9fd166338ddac7f995b45597cc4ebfc2cebc91c5c096c1321",
    "action_count":  49,
    "checks":  {
                   "profile_is_c8":  true,
                   "run_id_matches":  true,
                   "steam_free_cold_join_declared":  true,
                   "co_presence_declared":  true,
                   "direct_control_both":  true,
                   "routed_request_both":  true,
                   "routed_broadcast_both":  true,
                   "target_zdo_both":  true,
                   "zdo_journal_both":  true,
                   "motion_both_directions":  true,
                   "udp_drop_range":  true,
                   "pickup_both_clients":  true,
                   "two_peer_ownership_contention":  true,
                   "zone_exit_enter":  true,
                   "gateway_restart_declared":  true,
                   "websocket_resume_declared":  true,
                   "clean_disconnect_rejoin":  true,
                   "client_server_poison_declared":  true,
                   "save_integrity_declared":  true,
                   "action_ids_unique_per_client":  true
               },
    "result":  "passed",
    "failed_checks":  [

                      ]
}
[PASS] tailnet peer online - 100.125.141.110 i5-laptop derek.ciula@ windows active; direct 192.168.12.224:41641, tx 12598340 rx 40074244
[PASS] ssh port 22 reachable - i5-laptop.tail8e749c.ts.net
[PASS] ssh key auth via alias 'i5' - remote user: desktop-t685kei\admin
[INFO] staging root C:\deploy\baseline present: True (auto-created on first deploy)
[INFO] Valheim BepInEx plugins dir present: True
[INFO] free disk on C:: 96.7 GB
[INFO] Docker Desktop Linux engine ready: 29.6.2
i5 lane: UP
deploy -> i5:C:/deploy/baseline/fieldlab/scripts   [1 file(s)]
  C:/deploy/baseline/fieldlab/scripts/Invoke-NativeValheimClient.ps1
  OK    C:/deploy/baseline/fieldlab/scripts/Invoke-NativeValheimClient.ps1  sha256:8689cae7bf26
deploy verified: 1/1 file(s) match on the i5
deploy -> i5:C:/Program Files (x86)/Steam/steamapps/common/Valheim/BepInEx/plugins   [1 file(s)]
  C:/Program Files (x86)/Steam/steamapps/common/Valheim/BepInEx/plugins/ComfyNetworkSense.dll
  OK    C:/Program Files (x86)/Steam/steamapps/common/Valheim/BepInEx/plugins/ComfyNetworkSense.dll  sha256:0b69588b5e2d
deploy verified: 1/1 file(s) match on the i5
deploy -> i5:C:/deploy/baseline/fieldlab/scenarios   [1 file(s)]
  C:/deploy/baseline/fieldlab/scenarios/scenario.json
  OK    C:/deploy/baseline/fieldlab/scenarios/scenario.json  sha256:910ae3c8ab5b
deploy verified: 1/1 file(s) match on the i5
#1 [internal] load local bake definitions
#1 reading from stdin 566B done
#1 DONE 0.0s

#2 [internal] load build definition from Dockerfile
#2 transferring dockerfile: 5.92kB done
#2 DONE 0.0s

#3 [internal] load metadata for mcr.microsoft.com/dotnet/sdk:9.0
#3 DONE 0.1s

#4 [internal] load metadata for mcr.microsoft.com/dotnet/aspnet:9.0
#4 DONE 0.4s

#5 [internal] load .dockerignore
#5 transferring context: 454B done
#5 DONE 0.0s

#6 [internal] load build context
#6 DONE 0.0s

#7 [source  1/18] FROM mcr.microsoft.com/dotnet/sdk:9.0@sha256:24fe7c00719afc72e2b67cace264dea2ee39ae45f5b553bd59493fe3ddfc920f
#7 resolve mcr.microsoft.com/dotnet/sdk:9.0@sha256:24fe7c00719afc72e2b67cace264dea2ee39ae45f5b553bd59493fe3ddfc920f 0.1s done
#7 DONE 0.1s

#8 [gateway 1/3] FROM mcr.microsoft.com/dotnet/aspnet:9.0@sha256:86085bc68dde4a8cdfd8c2342acc3bf843eade855092879a85e3f3adb56e55c7
#8 resolve mcr.microsoft.com/dotnet/aspnet:9.0@sha256:86085bc68dde4a8cdfd8c2342acc3bf843eade855092879a85e3f3adb56e55c7 0.1s done
#8 DONE 0.1s

#6 [internal] load build context
#6 transferring context: 647.13kB 0.1s done
#6 DONE 0.1s

#9 [source  3/18] COPY Game.sln Directory.Build.props Directory.Packages.props ./
#9 CACHED

#10 [source  4/18] COPY src/Game.Contracts/Game.Contracts.csproj src/Game.Contracts/
#10 CACHED

#11 [source 10/18] COPY src/Game.Progression/Game.Progression.csproj src/Game.Progression/
#11 CACHED

#12 [source  5/18] COPY src/Game.Persistence/Game.Persistence.csproj src/Game.Persistence/
#12 CACHED

#13 [source  9/18] COPY src/Game.EventLog/Game.EventLog.csproj src/Game.EventLog/
#13 CACHED

#14 [source 15/18] COPY tests/Game.Gateway.Tests/Game.Gateway.Tests.csproj tests/Game.Gateway.Tests/
#14 CACHED

#15 [source  6/18] COPY src/Game.ServiceDefaults/Game.ServiceDefaults.csproj src/Game.ServiceDefaults/
#15 CACHED

#16 [source  8/18] COPY src/Game.Simulation/Game.Simulation.csproj src/Game.Simulation/
#16 CACHED

#17 [source 12/18] COPY src/Game.Companion/Game.Companion.csproj src/Game.Companion/
#17 CACHED

#18 [source 14/18] COPY tests/Game.Simulation.Tests/Game.Simulation.Tests.csproj tests/Game.Simulation.Tests/
#18 CACHED

#19 [source 11/18] COPY src/Game.OperatorApi/Game.OperatorApi.csproj src/Game.OperatorApi/
#19 CACHED

#20 [source  2/18] WORKDIR /src
#20 CACHED

#21 [source 13/18] COPY tests/Game.Contracts.Tests/Game.Contracts.Tests.csproj tests/Game.Contracts.Tests/
#21 CACHED

#22 [source  7/18] COPY src/Game.Gateway/Game.Gateway.csproj src/Game.Gateway/
#22 CACHED

#23 [source 16/18] RUN dotnet restore Game.sln
#23 CACHED

#24 [source 17/18] COPY src/ src/
#24 DONE 0.2s

#25 [source 18/18] COPY tests/ tests/
#25 DONE 0.2s

#26 [verify 1/2] RUN dotnet build Game.sln -c Release --no-restore
#26 2.730   Game.Contracts -> /src/src/Game.Contracts/bin/Release/net9.0/Game.Contracts.dll
#26 2.730   Game.Contracts -> /src/src/Game.Contracts/bin/Release/net8.0/Game.Contracts.dll
#26 2.931   Game.Companion -> /src/src/Game.Companion/bin/Release/net9.0/Lumberjacks.Companion.dll
#26 3.046   Game.ServiceDefaults -> /src/src/Game.ServiceDefaults/bin/Release/net9.0/Game.ServiceDefaults.dll
#26 3.153   Game.Contracts.Tests -> /src/tests/Game.Contracts.Tests/bin/Release/net9.0/Game.Contracts.Tests.dll
#26 3.171   Game.Persistence -> /src/src/Game.Persistence/bin/Release/net9.0/Game.Persistence.dll
#26 3.873   Game.EventLog -> /src/src/Game.EventLog/bin/Release/net9.0/Game.EventLog.dll
#26 3.905   Game.Progression -> /src/src/Game.Progression/bin/Release/net9.0/Game.Progression.dll
#26 3.920   Game.OperatorApi -> /src/src/Game.OperatorApi/bin/Release/net9.0/Game.OperatorApi.dll
#26 3.975   Game.Simulation -> /src/src/Game.Simulation/bin/Release/net9.0/Game.Simulation.dll
#26 4.569   Game.Simulation.Tests -> /src/tests/Game.Simulation.Tests/bin/Release/net9.0/Game.Simulation.Tests.dll
#26 5.149   Game.Gateway -> /src/src/Game.Gateway/bin/Release/net9.0/Game.Gateway.dll
#26 5.222 /usr/share/dotnet/sdk/9.0.315/Microsoft.Common.CurrentVersion.targets(2433,5): warning MSB3277: Found conflicts between different versions of "Microsoft.EntityFrameworkCore" that could not be resolved. [/src/tests/Game.Gateway.Tests/Game.Gateway.Tests.csproj]
#26 5.222 /usr/share/dotnet/sdk/9.0.315/Microsoft.Common.CurrentVersion.targets(2433,5): warning MSB3277: There was a conflict between "Microsoft.EntityFrameworkCore, Version=9.0.1.0, Culture=neutral, PublicKeyToken=adb9793829ddae60" and "Microsoft.EntityFrameworkCore, Version=9.0.4.0, Culture=neutral, PublicKeyToken=adb9793829ddae60". [/src/tests/Game.Gateway.Tests/Game.Gateway.Tests.csproj]
#26 5.222 /usr/share/dotnet/sdk/9.0.315/Microsoft.Common.CurrentVersion.targets(2433,5): warning MSB3277:     "Microsoft.EntityFrameworkCore, Version=9.0.1.0, Culture=neutral, PublicKeyToken=adb9793829ddae60" was chosen because it was primary and "Microsoft.EntityFrameworkCore, Version=9.0.4.0, Culture=neutral, PublicKeyToken=adb9793829ddae60" was not. [/src/tests/Game.Gateway.Tests/Game.Gateway.Tests.csproj]
#26 5.222 /usr/share/dotnet/sdk/9.0.315/Microsoft.Common.CurrentVersion.targets(2433,5): warning MSB3277:     References which depend on "Microsoft.EntityFrameworkCore, Version=9.0.1.0, Culture=neutral, PublicKeyToken=adb9793829ddae60" [/root/.nuget/packages/microsoft.entityframeworkcore/9.0.1/lib/net8.0/Microsoft.EntityFrameworkCore.dll]. [/src/tests/Game.Gateway.Tests/Game.Gateway.Tests.csproj]
#26 5.222 /usr/share/dotnet/sdk/9.0.315/Microsoft.Common.CurrentVersion.targets(2433,5): warning MSB3277:         /root/.nuget/packages/microsoft.entityframeworkcore/9.0.1/lib/net8.0/Microsoft.EntityFrameworkCore.dll [/src/tests/Game.Gateway.Tests/Game.Gateway.Tests.csproj]
#26 5.222 /usr/share/dotnet/sdk/9.0.315/Microsoft.Common.CurrentVersion.targets(2433,5): warning MSB3277:           Project file item includes which caused reference "/root/.nuget/packages/microsoft.entityframeworkcore/9.0.1/lib/net8.0/Microsoft.EntityFrameworkCore.dll". [/src/tests/Game.Gateway.Tests/Game.Gateway.Tests.csproj]
#26 5.222 /usr/share/dotnet/sdk/9.0.315/Microsoft.Common.CurrentVersion.targets(2433,5): warning MSB3277:             /root/.nuget/packages/microsoft.entityframeworkcore/9.0.1/lib/net8.0/Microsoft.EntityFrameworkCore.dll [/src/tests/Game.Gateway.Tests/Game.Gateway.Tests.csproj]
#26 5.222 /usr/share/dotnet/sdk/9.0.315/Microsoft.Common.CurrentVersion.targets(2433,5): warning MSB3277:     References which depend on or have been unified to "Microsoft.EntityFrameworkCore, Version=9.0.4.0, Culture=neutral, PublicKeyToken=adb9793829ddae60" []. [/src/tests/Game.Gateway.Tests/Game.Gateway.Tests.csproj]
#26 5.222 /usr/share/dotnet/sdk/9.0.315/Microsoft.Common.CurrentVersion.targets(2433,5): warning MSB3277:         /src/src/Game.Gateway/bin/Release/net9.0/Game.Gateway.dll [/src/tests/Game.Gateway.Tests/Game.Gateway.Tests.csproj]
#26 5.222 /usr/share/dotnet/sdk/9.0.315/Microsoft.Common.CurrentVersion.targets(2433,5): warning MSB3277:           Project file item includes which caused reference "/src/src/Game.Gateway/bin/Release/net9.0/Game.Gateway.dll". [/src/tests/Game.Gateway.Tests/Game.Gateway.Tests.csproj]
#26 5.222 /usr/share/dotnet/sdk/9.0.315/Microsoft.Common.CurrentVersion.targets(2433,5): warning MSB3277:             /src/src/Game.Gateway/bin/Release/net9.0/Game.Gateway.dll [/src/tests/Game.Gateway.Tests/Game.Gateway.Tests.csproj]
#26 5.222 /usr/share/dotnet/sdk/9.0.315/Microsoft.Common.CurrentVersion.targets(2433,5): warning MSB3277:         /src/src/Game.Persistence/bin/Release/net9.0/Game.Persistence.dll [/src/tests/Game.Gateway.Tests/Game.Gateway.Tests.csproj]
#26 5.222 /usr/share/dotnet/sdk/9.0.315/Microsoft.Common.CurrentVersion.targets(2433,5): warning MSB3277:           Project file item includes which caused reference "/src/src/Game.Persistence/bin/Release/net9.0/Game.Persistence.dll". [/src/tests/Game.Gateway.Tests/Game.Gateway.Tests.csproj]
#26 5.222 /usr/share/dotnet/sdk/9.0.315/Microsoft.Common.CurrentVersion.targets(2433,5): warning MSB3277:             /src/src/Game.Persistence/bin/Release/net9.0/Game.Persistence.dll [/src/tests/Game.Gateway.Tests/Game.Gateway.Tests.csproj]
#26 5.222 /usr/share/dotnet/sdk/9.0.315/Microsoft.Common.CurrentVersion.targets(2433,5): warning MSB3277:             /src/src/Game.Gateway/bin/Release/net9.0/Game.Gateway.dll [/src/tests/Game.Gateway.Tests/Game.Gateway.Tests.csproj]
#26 5.222 /usr/share/dotnet/sdk/9.0.315/Microsoft.Common.CurrentVersion.targets(2433,5): warning MSB3277:             /src/src/Game.Simulation/bin/Release/net9.0/Game.Simulation.dll [/src/tests/Game.Gateway.Tests/Game.Gateway.Tests.csproj]
#26 5.222 /usr/share/dotnet/sdk/9.0.315/Microsoft.Common.CurrentVersion.targets(2433,5): warning MSB3277:         /src/src/Game.Simulation/bin/Release/net9.0/Game.Simulation.dll [/src/tests/Game.Gateway.Tests/Game.Gateway.Tests.csproj]
#26 5.222 /usr/share/dotnet/sdk/9.0.315/Microsoft.Common.CurrentVersion.targets(2433,5): warning MSB3277:           Project file item includes which caused reference "/src/src/Game.Simulation/bin/Release/net9.0/Game.Simulation.dll". [/src/tests/Game.Gateway.Tests/Game.Gateway.Tests.csproj]
#26 5.222 /usr/share/dotnet/sdk/9.0.315/Microsoft.Common.CurrentVersion.targets(2433,5): warning MSB3277:             /src/src/Game.Simulation/bin/Release/net9.0/Game.Simulation.dll [/src/tests/Game.Gateway.Tests/Game.Gateway.Tests.csproj]
#26 5.222 /usr/share/dotnet/sdk/9.0.315/Microsoft.Common.CurrentVersion.targets(2433,5): warning MSB3277:             /src/src/Game.Gateway/bin/Release/net9.0/Game.Gateway.dll [/src/tests/Game.Gateway.Tests/Game.Gateway.Tests.csproj]
#26 5.551 /src/tests/Game.Gateway.Tests/ValheimZdoAuthoritativeTelemetryTests.cs(96,9): warning CS8631: The type 'string?' cannot be used as type parameter 'T' in the generic type or method 'Assert.Equal<T>(ReadOnlySpan<T>, T[])'. Nullability of type argument 'string?' doesn't match constraint type 'System.IEquatable<string?>'. [/src/tests/Game.Gateway.Tests/Game.Gateway.Tests.csproj]
#26 5.629   Game.Gateway.Tests -> /src/tests/Game.Gateway.Tests/bin/Release/net9.0/Game.Gateway.Tests.dll
#26 5.660 
#26 5.660 Build succeeded.
#26 5.660 
#26 5.660 /usr/share/dotnet/sdk/9.0.315/Microsoft.Common.CurrentVersion.targets(2433,5): warning MSB3277: Found conflicts between different versions of "Microsoft.EntityFrameworkCore" that could not be resolved. [/src/tests/Game.Gateway.Tests/Game.Gateway.Tests.csproj]
#26 5.660 /usr/share/dotnet/sdk/9.0.315/Microsoft.Common.CurrentVersion.targets(2433,5): warning MSB3277: There was a conflict between "Microsoft.EntityFrameworkCore, Version=9.0.1.0, Culture=neutral, PublicKeyToken=adb9793829ddae60" and "Microsoft.EntityFrameworkCore, Version=9.0.4.0, Culture=neutral, PublicKeyToken=adb9793829ddae60". [/src/tests/Game.Gateway.Tests/Game.Gateway.Tests.csproj]
#26 5.660 /usr/share/dotnet/sdk/9.0.315/Microsoft.Common.CurrentVersion.targets(2433,5): warning MSB3277:     "Microsoft.EntityFrameworkCore, Version=9.0.1.0, Culture=neutral, PublicKeyToken=adb9793829ddae60" was chosen because it was primary and "Microsoft.EntityFrameworkCore, Version=9.0.4.0, Culture=neutral, PublicKeyToken=adb9793829ddae60" was not. [/src/tests/Game.Gateway.Tests/Game.Gateway.Tests.csproj]
#26 5.660 /usr/share/dotnet/sdk/9.0.315/Microsoft.Common.CurrentVersion.targets(2433,5): warning MSB3277:     References which depend on "Microsoft.EntityFrameworkCore, Version=9.0.1.0, Culture=neutral, PublicKeyToken=adb9793829ddae60" [/root/.nuget/packages/microsoft.entityframeworkcore/9.0.1/lib/net8.0/Microsoft.EntityFrameworkCore.dll]. [/src/tests/Game.Gateway.Tests/Game.Gateway.Tests.csproj]
#26 5.660 /usr/share/dotnet/sdk/9.0.315/Microsoft.Common.CurrentVersion.targets(2433,5): warning MSB3277:         /root/.nuget/packages/microsoft.entityframeworkcore/9.0.1/lib/net8.0/Microsoft.EntityFrameworkCore.dll [/src/tests/Game.Gateway.Tests/Game.Gateway.Tests.csproj]
#26 5.660 /usr/share/dotnet/sdk/9.0.315/Microsoft.Common.CurrentVersion.targets(2433,5): warning MSB3277:           Project file item includes which caused reference "/root/.nuget/packages/microsoft.entityframeworkcore/9.0.1/lib/net8.0/Microsoft.EntityFrameworkCore.dll". [/src/tests/Game.Gateway.Tests/Game.Gateway.Tests.csproj]
#26 5.660 /usr/share/dotnet/sdk/9.0.315/Microsoft.Common.CurrentVersion.targets(2433,5): warning MSB3277:             /root/.nuget/packages/microsoft.entityframeworkcore/9.0.1/lib/net8.0/Microsoft.EntityFrameworkCore.dll [/src/tests/Game.Gateway.Tests/Game.Gateway.Tests.csproj]
#26 5.660 /usr/share/dotnet/sdk/9.0.315/Microsoft.Common.CurrentVersion.targets(2433,5): warning MSB3277:     References which depend on or have been unified to "Microsoft.EntityFrameworkCore, Version=9.0.4.0, Culture=neutral, PublicKeyToken=adb9793829ddae60" []. [/src/tests/Game.Gateway.Tests/Game.Gateway.Tests.csproj]
#26 5.660 /usr/share/dotnet/sdk/9.0.315/Microsoft.Common.CurrentVersion.targets(2433,5): warning MSB3277:         /src/src/Game.Gateway/bin/Release/net9.0/Game.Gateway.dll [/src/tests/Game.Gateway.Tests/Game.Gateway.Tests.csproj]
#26 5.660 /usr/share/dotnet/sdk/9.0.315/Microsoft.Common.CurrentVersion.targets(2433,5): warning MSB3277:           Project file item includes which caused reference "/src/src/Game.Gateway/bin/Release/net9.0/Game.Gateway.dll". [/src/tests/Game.Gateway.Tests/Game.Gateway.Tests.csproj]
#26 5.660 /usr/share/dotnet/sdk/9.0.315/Microsoft.Common.CurrentVersion.targets(2433,5): warning MSB3277:             /src/src/Game.Gateway/bin/Release/net9.0/Game.Gateway.dll [/src/tests/Game.Gateway.Tests/Game.Gateway.Tests.csproj]
#26 5.660 /usr/share/dotnet/sdk/9.0.315/Microsoft.Common.CurrentVersion.targets(2433,5): warning MSB3277:         /src/src/Game.Persistence/bin/Release/net9.0/Game.Persistence.dll [/src/tests/Game.Gateway.Tests/Game.Gateway.Tests.csproj]
#26 5.660 /usr/share/dotnet/sdk/9.0.315/Microsoft.Common.CurrentVersion.targets(2433,5): warning MSB3277:           Project file item includes which caused reference "/src/src/Game.Persistence/bin/Release/net9.0/Game.Persistence.dll". [/src/tests/Game.Gateway.Tests/Game.Gateway.Tests.csproj]
#26 5.660 /usr/share/dotnet/sdk/9.0.315/Microsoft.Common.CurrentVersion.targets(2433,5): warning MSB3277:             /src/src/Game.Persistence/bin/Release/net9.0/Game.Persistence.dll [/src/tests/Game.Gateway.Tests/Game.Gateway.Tests.csproj]
#26 5.660 /usr/share/dotnet/sdk/9.0.315/Microsoft.Common.CurrentVersion.targets(2433,5): warning MSB3277:             /src/src/Game.Gateway/bin/Release/net9.0/Game.Gateway.dll [/src/tests/Game.Gateway.Tests/Game.Gateway.Tests.csproj]
#26 5.660 /usr/share/dotnet/sdk/9.0.315/Microsoft.Common.CurrentVersion.targets(2433,5): warning MSB3277:             /src/src/Game.Simulation/bin/Release/net9.0/Game.Simulation.dll [/src/tests/Game.Gateway.Tests/Game.Gateway.Tests.csproj]
#26 5.660 /usr/share/dotnet/sdk/9.0.315/Microsoft.Common.CurrentVersion.targets(2433,5): warning MSB3277:         /src/src/Game.Simulation/bin/Release/net9.0/Game.Simulation.dll [/src/tests/Game.Gateway.Tests/Game.Gateway.Tests.csproj]
#26 5.660 /usr/share/dotnet/sdk/9.0.315/Microsoft.Common.CurrentVersion.targets(2433,5): warning MSB3277:           Project file item includes which caused reference "/src/src/Game.Simulation/bin/Release/net9.0/Game.Simulation.dll". [/src/tests/Game.Gateway.Tests/Game.Gateway.Tests.csproj]
#26 5.660 /usr/share/dotnet/sdk/9.0.315/Microsoft.Common.CurrentVersion.targets(2433,5): warning MSB3277:             /src/src/Game.Simulation/bin/Release/net9.0/Game.Simulation.dll [/src/tests/Game.Gateway.Tests/Game.Gateway.Tests.csproj]
#26 5.660 /usr/share/dotnet/sdk/9.0.315/Microsoft.Common.CurrentVersion.targets(2433,5): warning MSB3277:             /src/src/Game.Gateway/bin/Release/net9.0/Game.Gateway.dll [/src/tests/Game.Gateway.Tests/Game.Gateway.Tests.csproj]
#26 5.660 /src/tests/Game.Gateway.Tests/ValheimZdoAuthoritativeTelemetryTests.cs(96,9): warning CS8631: The type 'string?' cannot be used as type parameter 'T' in the generic type or method 'Assert.Equal<T>(ReadOnlySpan<T>, T[])'. Nullability of type argument 'string?' doesn't match constraint type 'System.IEquatable<string?>'. [/src/tests/Game.Gateway.Tests/Game.Gateway.Tests.csproj]
#26 5.661     2 Warning(s)
#26 5.661     0 Error(s)
#26 5.661 
#26 5.661 Time Elapsed 00:00:04.97
#26 DONE 5.8s

#27 [verify 2/2] RUN dotnet test Game.sln -c Release --no-build --no-restore --logger "console;verbosity=minimal"
#27 0.963 Test run for /src/tests/Game.Contracts.Tests/bin/Release/net9.0/Game.Contracts.Tests.dll (.NETCoreApp,Version=v9.0)
#27 0.969 Test run for /src/tests/Game.Simulation.Tests/bin/Release/net9.0/Game.Simulation.Tests.dll (.NETCoreApp,Version=v9.0)
#27 0.977 Test run for /src/tests/Game.Gateway.Tests/bin/Release/net9.0/Game.Gateway.Tests.dll (.NETCoreApp,Version=v9.0)
#27 1.002 VSTest version 17.14.1 (x64)
#27 1.005 
#27 1.007 VSTest version 17.14.1 (x64)
#27 1.009 
#27 1.016 VSTest version 17.14.1 (x64)
#27 1.018 
#27 1.056 Starting test execution, please wait...
#27 1.057 Starting test execution, please wait...
#27 1.067 Starting test execution, please wait...
#27 1.070 A total of 1 test files matched the specified pattern.A total of 1 test files matched the specified pattern.
#27 1.070 
#27 1.082 A total of 1 test files matched the specified pattern.
#27 1.553 
#27 1.555 Passed!  - Failed:     0, Passed:   126, Skipped:     0, Total:   126, Duration: 47 ms - Game.Contracts.Tests.dll (net9.0)
#27 1.599 
#27 1.602 Passed!  - Failed:     0, Passed:   250, Skipped:     0, Total:   250, Duration: 82 ms - Game.Simulation.Tests.dll (net9.0)
#27 1.762 
#27 1.765 Passed!  - Failed:     0, Passed:   213, Skipped:     0, Total:   213, Duration: 277 ms - Game.Gateway.Tests.dll (net9.0)
#27 DONE 1.9s

#28 [build 1/7] RUN dotnet publish src/Game.Simulation -c Release -o /app/simulation --no-restore
#28 1.166   Game.Contracts -> /src/src/Game.Contracts/bin/Release/net9.0/Game.Contracts.dll
#28 1.364   Game.Persistence -> /src/src/Game.Persistence/bin/Release/net9.0/Game.Persistence.dll
#28 1.404   Game.ServiceDefaults -> /src/src/Game.ServiceDefaults/bin/Release/net9.0/Game.ServiceDefaults.dll
#28 1.578   Game.Simulation -> /src/src/Game.Simulation/bin/Release/net9.0/Game.Simulation.dll
#28 1.615   Game.Simulation -> /app/simulation/
#28 DONE 1.7s

#29 [build 2/7] RUN dotnet publish src/Game.EventLog -c Release -o /app/eventlog --no-restore
#29 1.163   Game.Contracts -> /src/src/Game.Contracts/bin/Release/net9.0/Game.Contracts.dll
#29 1.364   Game.Persistence -> /src/src/Game.Persistence/bin/Release/net9.0/Game.Persistence.dll
#29 1.405   Game.ServiceDefaults -> /src/src/Game.ServiceDefaults/bin/Release/net9.0/Game.ServiceDefaults.dll
#29 1.579   Game.EventLog -> /src/src/Game.EventLog/bin/Release/net9.0/Game.EventLog.dll
#29 1.610   Game.EventLog -> /app/eventlog/
#29 DONE 1.7s

#30 [build 3/7] RUN dotnet publish src/Game.Progression -c Release -o /app/progression --no-restore
#30 1.122   Game.Contracts -> /src/src/Game.Contracts/bin/Release/net9.0/Game.Contracts.dll
#30 1.323   Game.Persistence -> /src/src/Game.Persistence/bin/Release/net9.0/Game.Persistence.dll
#30 1.363   Game.ServiceDefaults -> /src/src/Game.ServiceDefaults/bin/Release/net9.0/Game.ServiceDefaults.dll
#30 1.540   Game.Progression -> /src/src/Game.Progression/bin/Release/net9.0/Game.Progression.dll
#30 1.572   Game.Progression -> /app/progression/
#30 DONE 1.7s

#31 [build 4/7] RUN dotnet publish src/Game.OperatorApi -c Release -o /app/operatorapi --no-restore
#31 1.244   Game.Contracts -> /src/src/Game.Contracts/bin/Release/net9.0/Game.Contracts.dll
#31 1.442   Game.Persistence -> /src/src/Game.Persistence/bin/Release/net9.0/Game.Persistence.dll
#31 1.481   Game.ServiceDefaults -> /src/src/Game.ServiceDefaults/bin/Release/net9.0/Game.ServiceDefaults.dll
#31 1.650   Game.OperatorApi -> /src/src/Game.OperatorApi/bin/Release/net9.0/Game.OperatorApi.dll
#31 1.683   Game.OperatorApi -> /app/operatorapi/
#31 DONE 1.8s

#32 [build 5/7] RUN dotnet publish src/Game.Companion -c Release -o /app/companion --no-restore
#32 0.890   Game.Companion -> /src/src/Game.Companion/bin/Release/net9.0/Lumberjacks.Companion.dll
#32 0.944   Game.Companion -> /app/companion/
#32 DONE 1.0s

#33 [build 6/7] RUN set -eu;     if [ "0" = "1" ]; then       case "dev" in         ''|dev)           echo "ERROR: a promotable Gateway build requires a real LUMBERJACKS_EXPECTED_MOD_RELEASE;" >&2;           echo "       got 'dev'." >&2;           exit 1 ;;       esac;       if ! echo "dev"            | grep -Eq '^m[0-9]+-[a-z0-9]+-[0-9]{8}-r[0-9]+$'; then         echo "ERROR: 'dev' is not <milestone>-<label>-<yyyymmdd>-r<n>." >&2;         exit 1;       fi;       echo "promotable Gateway build; admitted mod release: dev";     fi
#33 DONE 0.4s

#34 [build 7/7] RUN dotnet publish src/Game.Gateway -c Release -o /app/gateway --no-restore       -p:LumberjacksExpectedModRelease="dev"
#34 1.161   Game.Contracts -> /src/src/Game.Contracts/bin/Release/net9.0/Game.Contracts.dll
#34 1.347   Game.Persistence -> /src/src/Game.Persistence/bin/Release/net9.0/Game.Persistence.dll
#34 1.395   Game.ServiceDefaults -> /src/src/Game.ServiceDefaults/bin/Release/net9.0/Game.ServiceDefaults.dll
#34 1.616   Game.Simulation -> /src/src/Game.Simulation/bin/Release/net9.0/Game.Simulation.dll
#34 1.854   Game.Gateway -> /src/src/Game.Gateway/bin/Release/net9.0/Game.Gateway.dll
#34 2.020   Game.Gateway -> /app/gateway/
#34 DONE 2.1s

#35 [gateway 2/3] WORKDIR /app
#35 CACHED

#36 [gateway 3/3] COPY --from=build /app/gateway .
#36 DONE 0.2s

#37 exporting to image
#37 exporting layers
#37 exporting layers 0.5s done
#37 exporting manifest sha256:2a14447e1d332932a3d7815cc880af448f777320e70e2b1ae53e36b70a4b36ae 0.1s done
#37 exporting config sha256:4b6f54891f104ee74f0e079f4f02cb5de95a869ac5604f0f7adb8e9a21c41816 0.0s done
#37 exporting attestation manifest sha256:53e46a56cf8e4615bfc9817c526f3bfc3fabd5cc7b081a2405a1289011434474
#37 exporting attestation manifest sha256:53e46a56cf8e4615bfc9817c526f3bfc3fabd5cc7b081a2405a1289011434474 0.1s done
#37 exporting manifest list sha256:98222af89c8d75a13e11a2f067be411d235ec7eb5baaaa60e5cd29707f67246b 0.0s done
#37 naming to docker.io/library/lumberjacks-local-gateway:latest
#37 naming to docker.io/library/lumberjacks-local-gateway:latest done
#37 unpacking to docker.io/library/lumberjacks-local-gateway:latest 0.1s done
#37 DONE 0.9s

#38 resolving provenance for metadata file
#38 DONE 0.0s
{
    "schema_version":  1,
    "receipt_type":  "native_valheim_task_queue",
    "generated_utc":  "2026-07-31T15:05:32.8060959+00:00",
    "task_name":  "BaselineNativeValheimClient",
    "task_state":  "Running",
    "run_id":  "native-20260731-c8-full31",
    "client":  "i5",
    "server":  "100.116.82.60:2456",
    "character":  "durracktu",
    "evidence_directory":  "C:\\deploy\\baseline\\fieldlab\\runs\\native-valheim\\native-20260731-c8-full31\\i5",
    "pending_request":  "C:\\deploy\\baseline\\fieldlab\\scripts\\pending-native-valheim.json"
}
